[0.013s] Invoking command in '/home/carlosmello/ws/build/yolov8_msgs': /usr/bin/cmake --build /home/carlosmello/ws/build/yolov8_msgs -- -j8 -l8
[0.037s] -- Found ament_cmake: 1.3.10 (/opt/ros/humble/share/ament_cmake/cmake)
[0.165s] -- Found rosidl_default_generators: 1.2.0 (/opt/ros/humble/share/rosidl_default_generators/cmake)
[0.167s] -- Using all available rosidl_typesupport_c: rosidl_typesupport_fastrtps_c;rosidl_typesupport_introspection_c
[0.169s] -- Found rosidl_adapter: 3.1.5 (/opt/ros/humble/share/rosidl_adapter/cmake)
[0.195s] -- Using all available rosidl_typesupport_cpp: rosidl_typesupport_fastrtps_cpp;rosidl_typesupport_introspection_cpp
[0.219s] -- Found std_msgs: 4.2.4 (/opt/ros/humble/share/std_msgs/cmake)
[0.240s] -- Found geometry_msgs: 4.2.4 (/opt/ros/humble/share/geometry_msgs/cmake)
[0.480s] Error parsing '/home/carlosmello/ws/src/yolov8_ros/yolov8_msgs/package.xml':
[0.525s] Traceback (most recent call last):
[0.525s]   File "/usr/lib/python3/dist-packages/catkin_pkg/package.py", line 610, in parse_package_string
[0.527s]     root = dom.parseString(data)
[0.527s]   File "/usr/lib/python3.10/xml/dom/minidom.py", line 2000, in parseString
[0.528s]     return expatbuilder.parseString(string)
[0.528s]   File "/usr/lib/python3.10/xml/dom/expatbuilder.py", line 925, in parseString
[0.528s]     return builder.parseString(string)
[0.528s]   File "/usr/lib/python3.10/xml/dom/expatbuilder.py", line 223, in parseString
[0.529s]     parser.Parse(string, True)
[0.529s] xml.parsers.expat.ExpatError: mismatched tag: line 26, column 2
[0.529s] 
[0.529s] During handling of the above exception, another exception occurred:
[0.529s] 
[0.529s] Traceback (most recent call last):
[0.529s]   File "/opt/ros/humble/share/ament_cmake_core/cmake/core/package_xml_2_cmake.py", line 150, in <module>
[0.529s]     main()
[0.529s]   File "/opt/ros/humble/share/ament_cmake_core/cmake/core/package_xml_2_cmake.py", line 53, in main
[0.529s]     raise e
[0.529s]   File "/opt/ros/humble/share/ament_cmake_core/cmake/core/package_xml_2_cmake.py", line 49, in main
[0.529s]     package = parse_package_string(
[0.529s]   File "/usr/lib/python3/dist-packages/catkin_pkg/package.py", line 612, in parse_package_string
[0.529s]     raise InvalidPackage('The manifest contains invalid XML:\n%s' % ex, filename)
[0.529s] catkin_pkg.package.InvalidPackage: Error(s) in package '/home/carlosmello/ws/src/yolov8_ros/yolov8_msgs/package.xml':
[0.529s] The manifest contains invalid XML:
[0.530s] mismatched tag: line 26, column 2
[0.547s] [31mCMake Error at /opt/ros/humble/share/ament_cmake_core/cmake/core/ament_package_xml.cmake:95 (message):
[0.547s]   execute_process(/usr/bin/python3
[0.547s]   /opt/ros/humble/share/ament_cmake_core/cmake/core/package_xml_2_cmake.py
[0.547s]   /home/carlosmello/ws/src/yolov8_ros/yolov8_msgs/package.xml
[0.547s]   /home/carlosmello/ws/build/yolov8_msgs/ament_cmake_core/package.cmake)
[0.547s]   returned error code 1
[0.547s] Call Stack (most recent call first):
[0.547s]   /opt/ros/humble/share/ament_cmake_core/cmake/core/ament_package_xml.cmake:49 (_ament_package_xml)
[0.547s]   /opt/ros/humble/share/rosidl_cmake/cmake/rosidl_generate_interfaces.cmake:226 (ament_package_xml)
[0.547s]   CMakeLists.txt:10 (rosidl_generate_interfaces)
[0.547s] 
[0.547s] [0m
[0.548s] -- Configuring incomplete, errors occurred!
[0.548s] See also "/home/carlosmello/ws/build/yolov8_msgs/CMakeFiles/CMakeOutput.log".
[0.553s] gmake: *** [Makefile:3123: cmake_check_build_system] Erro 1
[0.555s] Invoked command in '/home/carlosmello/ws/build/yolov8_msgs' returned '2': /usr/bin/cmake --build /home/carlosmello/ws/build/yolov8_msgs -- -j8 -l8
