[0.000000] (-) TimerEvent: {}
[0.000223] (perception) JobQueued: {'identifier': 'perception', 'dependencies': OrderedDict()}
[0.000792] (yolov8_msgs) JobQueued: {'identifier': 'yolov8_msgs', 'dependencies': OrderedDict()}
[0.000847] (yolov8_ros) JobQueued: {'identifier': 'yolov8_ros', 'dependencies': OrderedDict([('yolov8_msgs', '/home/carlosmello/ws/install/yolov8_msgs')])}
[0.000879] (yolov8_bringup) JobQueued: {'identifier': 'yolov8_bringup', 'dependencies': OrderedDict([('yolov8_msgs', '/home/carlosmello/ws/install/yolov8_msgs'), ('yolov8_ros', '/home/carlosmello/ws/install/yolov8_ros')])}
[0.000919] (yolov8_msgs) JobStarted: {'identifier': 'yolov8_msgs'}
[0.006207] (perception) JobStarted: {'identifier': 'perception'}
[0.009752] (yolov8_msgs) JobProgress: {'identifier': 'yolov8_msgs', 'progress': 'cmake'}
[0.010241] (yolov8_msgs) JobProgress: {'identifier': 'yolov8_msgs', 'progress': 'build'}
[0.011000] (yolov8_msgs) Command: {'cmd': ['/usr/bin/cmake', '--build', '/home/carlosmello/ws/build/yolov8_msgs', '--', '-j8', '-l8'], 'cwd': '/home/carlosmello/ws/build/yolov8_msgs', 'env': OrderedDict([('LESSOPEN', '| /usr/bin/lesspipe %s'), ('LANGUAGE', 'pt_BR:en'), ('USER', 'carlosmello'), ('LC_TIME', 'pt_BR.UTF-8'), ('XDG_SESSION_TYPE', 'x11'), ('SHLVL', '1'), ('LD_LIBRARY_PATH', '/opt/ros/humble/opt/rviz_ogre_vendor/lib:/opt/ros/humble/lib/x86_64-linux-gnu:/opt/ros/humble/lib'), ('HOME', '/home/carlosmello'), ('OLDPWD', '/home/carlosmello'), ('DESKTOP_SESSION', 'ubuntu'), ('ROS_PYTHON_VERSION', '3'), ('GNOME_SHELL_SESSION_MODE', 'ubuntu'), ('GTK_MODULES', 'gail:atk-bridge'), ('LC_MONETARY', 'pt_BR.UTF-8'), ('MANAGERPID', '12541'), ('SYSTEMD_EXEC_PID', '13008'), ('DBUS_SESSION_BUS_ADDRESS', 'unix:path=/run/user/1001/bus'), ('COLORTERM', 'truecolor'), ('TERMINATOR_DBUS_NAME', 'net.tenshu.Terminator2343a10e6c2480e111dd3e9e564eb7966'), ('GIO_LAUNCHED_DESKTOP_FILE_PID', '15919'), ('ROS_DISTRO', 'humble'), ('GTK_IM_MODULE', 'ibus'), ('LOGNAME', 'carlosmello'), ('IGN_GAZEBO_MODEL_PATH', '/opt/ros/humble/share'), ('JOURNAL_STREAM', '8:52258'), ('_', '/usr/bin/colcon'), ('ROS_VERSION', '2'), ('XDG_SESSION_CLASS', 'user'), ('USERNAME', 'carlosmello'), ('TERM', 'xterm-256color'), ('GAZEBO_MODEL_PATH', '/opt/ros/humble/share'), ('GNOME_DESKTOP_SESSION_ID', 'this-is-deprecated'), ('ROS_LOCALHOST_ONLY', '0'), ('WINDOWPATH', '3'), ('PATH', '/opt/ros/humble/bin:/home/carlosmello/.local/bin:/usr/local/sbin:/usr/local/bin:/usr/sbin:/usr/bin:/sbin:/bin:/usr/games:/usr/local/games:/snap/bin:/snap/bin'), ('SESSION_MANAGER', 'local/ampera-H81M-S2PV:@/tmp/.ICE-unix/12763,unix/ampera-H81M-S2PV:/tmp/.ICE-unix/12763'), ('INVOCATION_ID', '8ad86b934e6b4415b71c3cb2050d7b84'), ('PAPERSIZE', 'a4'), ('XDG_MENU_PREFIX', 'gnome-'), ('LC_ADDRESS', 'pt_BR.UTF-8'), ('XDG_RUNTIME_DIR', '/run/user/1001'), ('DISPLAY', ':2'), ('TERMINATOR_DBUS_PATH', '/net/tenshu/Terminator2'), ('LANG', 'pt_BR.UTF-8'), ('XDG_CURRENT_DESKTOP', 'ubuntu:GNOME'), ('IBUS_DISABLE_SNOOPER', '1'), ('LC_TELEPHONE', 'pt_BR.UTF-8'), ('XMODIFIERS', '@im=ibus'), ('XDG_SESSION_DESKTOP', 'ubuntu'), ('XAUTHORITY', '/run/user/1001/gdm/Xauthority'), ('LS_COLORS', 'rs=0:di=01;34:ln=01;36:mh=00:pi=40;33:so=01;35:do=01;35:bd=40;33;01:cd=40;33;01:or=40;31;01:mi=00:su=37;41:sg=30;43:ca=30;41:tw=30;42:ow=34;42:st=37;44:ex=01;32:*.tar=01;31:*.tgz=01;31:*.arc=01;31:*.arj=01;31:*.taz=01;31:*.lha=01;31:*.lz4=01;31:*.lzh=01;31:*.lzma=01;31:*.tlz=01;31:*.txz=01;31:*.tzo=01;31:*.t7z=01;31:*.zip=01;31:*.z=01;31:*.dz=01;31:*.gz=01;31:*.lrz=01;31:*.lz=01;31:*.lzo=01;31:*.xz=01;31:*.zst=01;31:*.tzst=01;31:*.bz2=01;31:*.bz=01;31:*.tbz=01;31:*.tbz2=01;31:*.tz=01;31:*.deb=01;31:*.rpm=01;31:*.jar=01;31:*.war=01;31:*.ear=01;31:*.sar=01;31:*.rar=01;31:*.alz=01;31:*.ace=01;31:*.zoo=01;31:*.cpio=01;31:*.7z=01;31:*.rz=01;31:*.cab=01;31:*.wim=01;31:*.swm=01;31:*.dwm=01;31:*.esd=01;31:*.jpg=01;35:*.jpeg=01;35:*.mjpg=01;35:*.mjpeg=01;35:*.gif=01;35:*.bmp=01;35:*.pbm=01;35:*.pgm=01;35:*.ppm=01;35:*.tga=01;35:*.xbm=01;35:*.xpm=01;35:*.tif=01;35:*.tiff=01;35:*.png=01;35:*.svg=01;35:*.svgz=01;35:*.mng=01;35:*.pcx=01;35:*.mov=01;35:*.mpg=01;35:*.mpeg=01;35:*.m2v=01;35:*.mkv=01;35:*.webm=01;35:*.webp=01;35:*.ogm=01;35:*.mp4=01;35:*.m4v=01;35:*.mp4v=01;35:*.vob=01;35:*.qt=01;35:*.nuv=01;35:*.wmv=01;35:*.asf=01;35:*.rm=01;35:*.rmvb=01;35:*.flc=01;35:*.avi=01;35:*.fli=01;35:*.flv=01;35:*.gl=01;35:*.dl=01;35:*.xcf=01;35:*.xwd=01;35:*.yuv=01;35:*.cgm=01;35:*.emf=01;35:*.ogv=01;35:*.ogx=01;35:*.aac=00;36:*.au=00;36:*.flac=00;36:*.m4a=00;36:*.mid=00;36:*.midi=00;36:*.mka=00;36:*.mp3=00;36:*.mpc=00;36:*.ogg=00;36:*.ra=00;36:*.wav=00;36:*.oga=00;36:*.opus=00;36:*.spx=00;36:*.xspf=00;36:'), ('SSH_AGENT_LAUNCHER', 'gnome-keyring'), ('SSH_AUTH_SOCK', '/run/user/1001/keyring/ssh'), ('AMENT_PREFIX_PATH', '/opt/ros/humble'), ('SHELL', '/bin/bash'), ('LC_NAME', 'pt_BR.UTF-8'), ('TERMINATOR_UUID', 'urn:uuid:6ba5e8e7-ca63-4fba-be3d-00c556d0234a'), ('QT_ACCESSIBILITY', '1'), ('GDMSESSION', 'ubuntu'), ('LESSCLOSE', '/usr/bin/lesspipe %s %s'), ('IGN_GAZEBO_RESOURCE_PATH', '/opt/ros/humble/share'), ('LC_MEASUREMENT', 'pt_BR.UTF-8'), ('GPG_AGENT_INFO', '/run/user/1001/gnupg/S.gpg-agent:0:1'), ('GAZEBO_RESOURCE_PATH', '/opt/ros/humble/share'), ('LC_IDENTIFICATION', 'pt_BR.UTF-8'), ('QT_IM_MODULE', 'ibus'), ('PWD', '/home/carlosmello/ws/build/yolov8_msgs'), ('LC_ALL', 'en_US.UTF-8'), ('XDG_CONFIG_DIRS', '/etc/xdg/xdg-ubuntu:/etc/xdg'), ('XDG_DATA_DIRS', '/usr/share/ubuntu:/usr/share/gnome:/home/carlosmello/.local/share/flatpak/exports/share:/var/lib/flatpak/exports/share:/usr/local/share/:/usr/share/:/var/lib/snapd/desktop'), ('PYTHONPATH', '/opt/ros/humble/lib/python3.10/site-packages:/opt/ros/humble/local/lib/python3.10/dist-packages'), ('LC_NUMERIC', 'pt_BR.UTF-8'), ('LC_PAPER', 'pt_BR.UTF-8'), ('COLCON', '1'), ('VTE_VERSION', '6800')]), 'shell': False}
[0.014279] (perception) JobProgress: {'identifier': 'perception', 'progress': 'cmake'}
[0.014853] (perception) JobProgress: {'identifier': 'perception', 'progress': 'build'}
[0.015584] (perception) Command: {'cmd': ['/usr/bin/cmake', '--build', '/home/carlosmello/ws/build/perception', '--', '-j8', '-l8'], 'cwd': '/home/carlosmello/ws/build/perception', 'env': OrderedDict([('LESSOPEN', '| /usr/bin/lesspipe %s'), ('LANGUAGE', 'pt_BR:en'), ('USER', 'carlosmello'), ('LC_TIME', 'pt_BR.UTF-8'), ('XDG_SESSION_TYPE', 'x11'), ('SHLVL', '1'), ('LD_LIBRARY_PATH', '/opt/ros/humble/opt/rviz_ogre_vendor/lib:/opt/ros/humble/lib/x86_64-linux-gnu:/opt/ros/humble/lib'), ('HOME', '/home/carlosmello'), ('OLDPWD', '/home/carlosmello'), ('DESKTOP_SESSION', 'ubuntu'), ('ROS_PYTHON_VERSION', '3'), ('GNOME_SHELL_SESSION_MODE', 'ubuntu'), ('GTK_MODULES', 'gail:atk-bridge'), ('LC_MONETARY', 'pt_BR.UTF-8'), ('MANAGERPID', '12541'), ('SYSTEMD_EXEC_PID', '13008'), ('DBUS_SESSION_BUS_ADDRESS', 'unix:path=/run/user/1001/bus'), ('COLORTERM', 'truecolor'), ('TERMINATOR_DBUS_NAME', 'net.tenshu.Terminator2343a10e6c2480e111dd3e9e564eb7966'), ('GIO_LAUNCHED_DESKTOP_FILE_PID', '15919'), ('ROS_DISTRO', 'humble'), ('GTK_IM_MODULE', 'ibus'), ('LOGNAME', 'carlosmello'), ('IGN_GAZEBO_MODEL_PATH', '/opt/ros/humble/share'), ('JOURNAL_STREAM', '8:52258'), ('_', '/usr/bin/colcon'), ('ROS_VERSION', '2'), ('XDG_SESSION_CLASS', 'user'), ('USERNAME', 'carlosmello'), ('TERM', 'xterm-256color'), ('GAZEBO_MODEL_PATH', '/opt/ros/humble/share'), ('GNOME_DESKTOP_SESSION_ID', 'this-is-deprecated'), ('ROS_LOCALHOST_ONLY', '0'), ('WINDOWPATH', '3'), ('PATH', '/opt/ros/humble/bin:/home/carlosmello/.local/bin:/usr/local/sbin:/usr/local/bin:/usr/sbin:/usr/bin:/sbin:/bin:/usr/games:/usr/local/games:/snap/bin:/snap/bin'), ('SESSION_MANAGER', 'local/ampera-H81M-S2PV:@/tmp/.ICE-unix/12763,unix/ampera-H81M-S2PV:/tmp/.ICE-unix/12763'), ('INVOCATION_ID', '8ad86b934e6b4415b71c3cb2050d7b84'), ('PAPERSIZE', 'a4'), ('XDG_MENU_PREFIX', 'gnome-'), ('LC_ADDRESS', 'pt_BR.UTF-8'), ('XDG_RUNTIME_DIR', '/run/user/1001'), ('DISPLAY', ':2'), ('TERMINATOR_DBUS_PATH', '/net/tenshu/Terminator2'), ('LANG', 'pt_BR.UTF-8'), ('XDG_CURRENT_DESKTOP', 'ubuntu:GNOME'), ('IBUS_DISABLE_SNOOPER', '1'), ('LC_TELEPHONE', 'pt_BR.UTF-8'), ('XMODIFIERS', '@im=ibus'), ('XDG_SESSION_DESKTOP', 'ubuntu'), ('XAUTHORITY', '/run/user/1001/gdm/Xauthority'), ('LS_COLORS', 'rs=0:di=01;34:ln=01;36:mh=00:pi=40;33:so=01;35:do=01;35:bd=40;33;01:cd=40;33;01:or=40;31;01:mi=00:su=37;41:sg=30;43:ca=30;41:tw=30;42:ow=34;42:st=37;44:ex=01;32:*.tar=01;31:*.tgz=01;31:*.arc=01;31:*.arj=01;31:*.taz=01;31:*.lha=01;31:*.lz4=01;31:*.lzh=01;31:*.lzma=01;31:*.tlz=01;31:*.txz=01;31:*.tzo=01;31:*.t7z=01;31:*.zip=01;31:*.z=01;31:*.dz=01;31:*.gz=01;31:*.lrz=01;31:*.lz=01;31:*.lzo=01;31:*.xz=01;31:*.zst=01;31:*.tzst=01;31:*.bz2=01;31:*.bz=01;31:*.tbz=01;31:*.tbz2=01;31:*.tz=01;31:*.deb=01;31:*.rpm=01;31:*.jar=01;31:*.war=01;31:*.ear=01;31:*.sar=01;31:*.rar=01;31:*.alz=01;31:*.ace=01;31:*.zoo=01;31:*.cpio=01;31:*.7z=01;31:*.rz=01;31:*.cab=01;31:*.wim=01;31:*.swm=01;31:*.dwm=01;31:*.esd=01;31:*.jpg=01;35:*.jpeg=01;35:*.mjpg=01;35:*.mjpeg=01;35:*.gif=01;35:*.bmp=01;35:*.pbm=01;35:*.pgm=01;35:*.ppm=01;35:*.tga=01;35:*.xbm=01;35:*.xpm=01;35:*.tif=01;35:*.tiff=01;35:*.png=01;35:*.svg=01;35:*.svgz=01;35:*.mng=01;35:*.pcx=01;35:*.mov=01;35:*.mpg=01;35:*.mpeg=01;35:*.m2v=01;35:*.mkv=01;35:*.webm=01;35:*.webp=01;35:*.ogm=01;35:*.mp4=01;35:*.m4v=01;35:*.mp4v=01;35:*.vob=01;35:*.qt=01;35:*.nuv=01;35:*.wmv=01;35:*.asf=01;35:*.rm=01;35:*.rmvb=01;35:*.flc=01;35:*.avi=01;35:*.fli=01;35:*.flv=01;35:*.gl=01;35:*.dl=01;35:*.xcf=01;35:*.xwd=01;35:*.yuv=01;35:*.cgm=01;35:*.emf=01;35:*.ogv=01;35:*.ogx=01;35:*.aac=00;36:*.au=00;36:*.flac=00;36:*.m4a=00;36:*.mid=00;36:*.midi=00;36:*.mka=00;36:*.mp3=00;36:*.mpc=00;36:*.ogg=00;36:*.ra=00;36:*.wav=00;36:*.oga=00;36:*.opus=00;36:*.spx=00;36:*.xspf=00;36:'), ('SSH_AGENT_LAUNCHER', 'gnome-keyring'), ('SSH_AUTH_SOCK', '/run/user/1001/keyring/ssh'), ('AMENT_PREFIX_PATH', '/opt/ros/humble'), ('SHELL', '/bin/bash'), ('LC_NAME', 'pt_BR.UTF-8'), ('TERMINATOR_UUID', 'urn:uuid:6ba5e8e7-ca63-4fba-be3d-00c556d0234a'), ('QT_ACCESSIBILITY', '1'), ('GDMSESSION', 'ubuntu'), ('LESSCLOSE', '/usr/bin/lesspipe %s %s'), ('IGN_GAZEBO_RESOURCE_PATH', '/opt/ros/humble/share'), ('LC_MEASUREMENT', 'pt_BR.UTF-8'), ('GPG_AGENT_INFO', '/run/user/1001/gnupg/S.gpg-agent:0:1'), ('GAZEBO_RESOURCE_PATH', '/opt/ros/humble/share'), ('LC_IDENTIFICATION', 'pt_BR.UTF-8'), ('QT_IM_MODULE', 'ibus'), ('PWD', '/home/carlosmello/ws/build/perception'), ('LC_ALL', 'en_US.UTF-8'), ('XDG_CONFIG_DIRS', '/etc/xdg/xdg-ubuntu:/etc/xdg'), ('XDG_DATA_DIRS', '/usr/share/ubuntu:/usr/share/gnome:/home/carlosmello/.local/share/flatpak/exports/share:/var/lib/flatpak/exports/share:/usr/local/share/:/usr/share/:/var/lib/snapd/desktop'), ('PYTHONPATH', '/opt/ros/humble/lib/python3.10/site-packages:/opt/ros/humble/local/lib/python3.10/dist-packages'), ('LC_NUMERIC', 'pt_BR.UTF-8'), ('LC_PAPER', 'pt_BR.UTF-8'), ('COLCON', '1'), ('VTE_VERSION', '6800'), ('CMAKE_PREFIX_PATH', '/opt/ros/humble')]), 'shell': False}
[0.037461] (yolov8_msgs) StdoutLine: {'line': b'-- Found ament_cmake: 1.3.10 (/opt/ros/humble/share/ament_cmake/cmake)\n'}
[0.050480] (perception) CommandEnded: {'returncode': 0}
[0.069913] (perception) JobProgress: {'identifier': 'perception', 'progress': 'install'}
[0.078542] (perception) Command: {'cmd': ['/usr/bin/cmake', '--install', '/home/carlosmello/ws/build/perception'], 'cwd': '/home/carlosmello/ws/build/perception', 'env': OrderedDict([('LESSOPEN', '| /usr/bin/lesspipe %s'), ('LANGUAGE', 'pt_BR:en'), ('USER', 'carlosmello'), ('LC_TIME', 'pt_BR.UTF-8'), ('XDG_SESSION_TYPE', 'x11'), ('SHLVL', '1'), ('LD_LIBRARY_PATH', '/opt/ros/humble/opt/rviz_ogre_vendor/lib:/opt/ros/humble/lib/x86_64-linux-gnu:/opt/ros/humble/lib'), ('HOME', '/home/carlosmello'), ('OLDPWD', '/home/carlosmello'), ('DESKTOP_SESSION', 'ubuntu'), ('ROS_PYTHON_VERSION', '3'), ('GNOME_SHELL_SESSION_MODE', 'ubuntu'), ('GTK_MODULES', 'gail:atk-bridge'), ('LC_MONETARY', 'pt_BR.UTF-8'), ('MANAGERPID', '12541'), ('SYSTEMD_EXEC_PID', '13008'), ('DBUS_SESSION_BUS_ADDRESS', 'unix:path=/run/user/1001/bus'), ('COLORTERM', 'truecolor'), ('TERMINATOR_DBUS_NAME', 'net.tenshu.Terminator2343a10e6c2480e111dd3e9e564eb7966'), ('GIO_LAUNCHED_DESKTOP_FILE_PID', '15919'), ('ROS_DISTRO', 'humble'), ('GTK_IM_MODULE', 'ibus'), ('LOGNAME', 'carlosmello'), ('IGN_GAZEBO_MODEL_PATH', '/opt/ros/humble/share'), ('JOURNAL_STREAM', '8:52258'), ('_', '/usr/bin/colcon'), ('ROS_VERSION', '2'), ('XDG_SESSION_CLASS', 'user'), ('USERNAME', 'carlosmello'), ('TERM', 'xterm-256color'), ('GAZEBO_MODEL_PATH', '/opt/ros/humble/share'), ('GNOME_DESKTOP_SESSION_ID', 'this-is-deprecated'), ('ROS_LOCALHOST_ONLY', '0'), ('WINDOWPATH', '3'), ('PATH', '/opt/ros/humble/bin:/home/carlosmello/.local/bin:/usr/local/sbin:/usr/local/bin:/usr/sbin:/usr/bin:/sbin:/bin:/usr/games:/usr/local/games:/snap/bin:/snap/bin'), ('SESSION_MANAGER', 'local/ampera-H81M-S2PV:@/tmp/.ICE-unix/12763,unix/ampera-H81M-S2PV:/tmp/.ICE-unix/12763'), ('INVOCATION_ID', '8ad86b934e6b4415b71c3cb2050d7b84'), ('PAPERSIZE', 'a4'), ('XDG_MENU_PREFIX', 'gnome-'), ('LC_ADDRESS', 'pt_BR.UTF-8'), ('XDG_RUNTIME_DIR', '/run/user/1001'), ('DISPLAY', ':2'), ('TERMINATOR_DBUS_PATH', '/net/tenshu/Terminator2'), ('LANG', 'pt_BR.UTF-8'), ('XDG_CURRENT_DESKTOP', 'ubuntu:GNOME'), ('IBUS_DISABLE_SNOOPER', '1'), ('LC_TELEPHONE', 'pt_BR.UTF-8'), ('XMODIFIERS', '@im=ibus'), ('XDG_SESSION_DESKTOP', 'ubuntu'), ('XAUTHORITY', '/run/user/1001/gdm/Xauthority'), ('LS_COLORS', 'rs=0:di=01;34:ln=01;36:mh=00:pi=40;33:so=01;35:do=01;35:bd=40;33;01:cd=40;33;01:or=40;31;01:mi=00:su=37;41:sg=30;43:ca=30;41:tw=30;42:ow=34;42:st=37;44:ex=01;32:*.tar=01;31:*.tgz=01;31:*.arc=01;31:*.arj=01;31:*.taz=01;31:*.lha=01;31:*.lz4=01;31:*.lzh=01;31:*.lzma=01;31:*.tlz=01;31:*.txz=01;31:*.tzo=01;31:*.t7z=01;31:*.zip=01;31:*.z=01;31:*.dz=01;31:*.gz=01;31:*.lrz=01;31:*.lz=01;31:*.lzo=01;31:*.xz=01;31:*.zst=01;31:*.tzst=01;31:*.bz2=01;31:*.bz=01;31:*.tbz=01;31:*.tbz2=01;31:*.tz=01;31:*.deb=01;31:*.rpm=01;31:*.jar=01;31:*.war=01;31:*.ear=01;31:*.sar=01;31:*.rar=01;31:*.alz=01;31:*.ace=01;31:*.zoo=01;31:*.cpio=01;31:*.7z=01;31:*.rz=01;31:*.cab=01;31:*.wim=01;31:*.swm=01;31:*.dwm=01;31:*.esd=01;31:*.jpg=01;35:*.jpeg=01;35:*.mjpg=01;35:*.mjpeg=01;35:*.gif=01;35:*.bmp=01;35:*.pbm=01;35:*.pgm=01;35:*.ppm=01;35:*.tga=01;35:*.xbm=01;35:*.xpm=01;35:*.tif=01;35:*.tiff=01;35:*.png=01;35:*.svg=01;35:*.svgz=01;35:*.mng=01;35:*.pcx=01;35:*.mov=01;35:*.mpg=01;35:*.mpeg=01;35:*.m2v=01;35:*.mkv=01;35:*.webm=01;35:*.webp=01;35:*.ogm=01;35:*.mp4=01;35:*.m4v=01;35:*.mp4v=01;35:*.vob=01;35:*.qt=01;35:*.nuv=01;35:*.wmv=01;35:*.asf=01;35:*.rm=01;35:*.rmvb=01;35:*.flc=01;35:*.avi=01;35:*.fli=01;35:*.flv=01;35:*.gl=01;35:*.dl=01;35:*.xcf=01;35:*.xwd=01;35:*.yuv=01;35:*.cgm=01;35:*.emf=01;35:*.ogv=01;35:*.ogx=01;35:*.aac=00;36:*.au=00;36:*.flac=00;36:*.m4a=00;36:*.mid=00;36:*.midi=00;36:*.mka=00;36:*.mp3=00;36:*.mpc=00;36:*.ogg=00;36:*.ra=00;36:*.wav=00;36:*.oga=00;36:*.opus=00;36:*.spx=00;36:*.xspf=00;36:'), ('SSH_AGENT_LAUNCHER', 'gnome-keyring'), ('SSH_AUTH_SOCK', '/run/user/1001/keyring/ssh'), ('AMENT_PREFIX_PATH', '/opt/ros/humble'), ('SHELL', '/bin/bash'), ('LC_NAME', 'pt_BR.UTF-8'), ('TERMINATOR_UUID', 'urn:uuid:6ba5e8e7-ca63-4fba-be3d-00c556d0234a'), ('QT_ACCESSIBILITY', '1'), ('GDMSESSION', 'ubuntu'), ('LESSCLOSE', '/usr/bin/lesspipe %s %s'), ('IGN_GAZEBO_RESOURCE_PATH', '/opt/ros/humble/share'), ('LC_MEASUREMENT', 'pt_BR.UTF-8'), ('GPG_AGENT_INFO', '/run/user/1001/gnupg/S.gpg-agent:0:1'), ('GAZEBO_RESOURCE_PATH', '/opt/ros/humble/share'), ('LC_IDENTIFICATION', 'pt_BR.UTF-8'), ('QT_IM_MODULE', 'ibus'), ('PWD', '/home/carlosmello/ws/build/perception'), ('LC_ALL', 'en_US.UTF-8'), ('XDG_CONFIG_DIRS', '/etc/xdg/xdg-ubuntu:/etc/xdg'), ('XDG_DATA_DIRS', '/usr/share/ubuntu:/usr/share/gnome:/home/carlosmello/.local/share/flatpak/exports/share:/var/lib/flatpak/exports/share:/usr/local/share/:/usr/share/:/var/lib/snapd/desktop'), ('PYTHONPATH', '/opt/ros/humble/lib/python3.10/site-packages:/opt/ros/humble/local/lib/python3.10/dist-packages'), ('LC_NUMERIC', 'pt_BR.UTF-8'), ('LC_PAPER', 'pt_BR.UTF-8'), ('COLCON', '1'), ('VTE_VERSION', '6800'), ('CMAKE_PREFIX_PATH', '/opt/ros/humble')]), 'shell': False}
[0.085560] (perception) StdoutLine: {'line': b'-- Install configuration: ""\n'}
[0.085862] (perception) StdoutLine: {'line': b'-- Up-to-date: /home/carlosmello/ws/install/perception/lib/perception/image_subscriber.py\n'}
[0.086005] (perception) StdoutLine: {'line': b'-- Up-to-date: /home/carlosmello/ws/install/perception/lib/perception\n'}
[0.086108] (perception) StdoutLine: {'line': b'-- Up-to-date: /home/carlosmello/ws/install/perception/lib/perception/__init__.py\n'}
[0.086217] (perception) StdoutLine: {'line': b'-- Up-to-date: /home/carlosmello/ws/install/perception/lib/perception/cone_detection.py\n'}
[0.086334] (perception) StdoutLine: {'line': b'-- Up-to-date: /home/carlosmello/ws/install/perception/share/ament_index/resource_index/package_run_dependencies/perception\n'}
[0.086431] (perception) StdoutLine: {'line': b'-- Up-to-date: /home/carlosmello/ws/install/perception/share/ament_index/resource_index/parent_prefix_path/perception\n'}
[0.086490] (perception) StdoutLine: {'line': b'-- Up-to-date: /home/carlosmello/ws/install/perception/share/perception/environment/ament_prefix_path.sh\n'}
[0.086549] (perception) StdoutLine: {'line': b'-- Up-to-date: /home/carlosmello/ws/install/perception/share/perception/environment/ament_prefix_path.dsv\n'}
[0.086652] (perception) StdoutLine: {'line': b'-- Up-to-date: /home/carlosmello/ws/install/perception/share/perception/environment/path.sh\n'}
[0.086738] (perception) StdoutLine: {'line': b'-- Up-to-date: /home/carlosmello/ws/install/perception/share/perception/environment/path.dsv\n'}
[0.086795] (perception) StdoutLine: {'line': b'-- Up-to-date: /home/carlosmello/ws/install/perception/share/perception/local_setup.bash\n'}
[0.086880] (perception) StdoutLine: {'line': b'-- Up-to-date: /home/carlosmello/ws/install/perception/share/perception/local_setup.sh\n'}
[0.086937] (perception) StdoutLine: {'line': b'-- Up-to-date: /home/carlosmello/ws/install/perception/share/perception/local_setup.zsh\n'}
[0.086992] (perception) StdoutLine: {'line': b'-- Up-to-date: /home/carlosmello/ws/install/perception/share/perception/local_setup.dsv\n'}
[0.087045] (perception) StdoutLine: {'line': b'-- Installing: /home/carlosmello/ws/install/perception/share/perception/package.dsv\n'}
[0.087099] (perception) StdoutLine: {'line': b'-- Up-to-date: /home/carlosmello/ws/install/perception/share/ament_index/resource_index/packages/perception\n'}
[0.087152] (perception) StdoutLine: {'line': b'-- Up-to-date: /home/carlosmello/ws/install/perception/share/perception/cmake/perceptionConfig.cmake\n'}
[0.087205] (perception) StdoutLine: {'line': b'-- Up-to-date: /home/carlosmello/ws/install/perception/share/perception/cmake/perceptionConfig-version.cmake\n'}
[0.087259] (perception) StdoutLine: {'line': b'-- Up-to-date: /home/carlosmello/ws/install/perception/share/perception/package.xml\n'}
[0.088395] (perception) CommandEnded: {'returncode': 0}
[0.099792] (-) TimerEvent: {}
[0.123704] (perception) JobEnded: {'identifier': 'perception', 'rc': 0}
[0.166169] (yolov8_msgs) StdoutLine: {'line': b'-- Found rosidl_default_generators: 1.2.0 (/opt/ros/humble/share/rosidl_default_generators/cmake)\n'}
[0.167525] (yolov8_msgs) StdoutLine: {'line': b'-- Using all available rosidl_typesupport_c: rosidl_typesupport_fastrtps_c;rosidl_typesupport_introspection_c\n'}
[0.170078] (yolov8_msgs) StdoutLine: {'line': b'-- Found rosidl_adapter: 3.1.5 (/opt/ros/humble/share/rosidl_adapter/cmake)\n'}
[0.196043] (yolov8_msgs) StdoutLine: {'line': b'-- Using all available rosidl_typesupport_cpp: rosidl_typesupport_fastrtps_cpp;rosidl_typesupport_introspection_cpp\n'}
[0.199865] (-) TimerEvent: {}
[0.219460] (yolov8_msgs) StdoutLine: {'line': b'-- Found std_msgs: 4.2.4 (/opt/ros/humble/share/std_msgs/cmake)\n'}
[0.240554] (yolov8_msgs) StdoutLine: {'line': b'-- Found geometry_msgs: 4.2.4 (/opt/ros/humble/share/geometry_msgs/cmake)\n'}
[0.299971] (-) TimerEvent: {}
[0.400230] (-) TimerEvent: {}
[0.480676] (yolov8_msgs) StderrLine: {'line': b"Error parsing '/home/carlosmello/ws/src/yolov8_ros/yolov8_msgs/package.xml':\n"}
[0.500368] (-) TimerEvent: {}
[0.525449] (yolov8_msgs) StderrLine: {'line': b'Traceback (most recent call last):\n'}
[0.525618] (yolov8_msgs) StderrLine: {'line': b'  File "/usr/lib/python3/dist-packages/catkin_pkg/package.py", line 610, in parse_package_string\n'}
[0.527798] (yolov8_msgs) StderrLine: {'line': b'    root = dom.parseString(data)\n'}
[0.527971] (yolov8_msgs) StderrLine: {'line': b'  File "/usr/lib/python3.10/xml/dom/minidom.py", line 2000, in parseString\n'}
[0.528461] (yolov8_msgs) StderrLine: {'line': b'    return expatbuilder.parseString(string)\n'}
[0.528549] (yolov8_msgs) StderrLine: {'line': b'  File "/usr/lib/python3.10/xml/dom/expatbuilder.py", line 925, in parseString\n'}
[0.528972] (yolov8_msgs) StderrLine: {'line': b'    return builder.parseString(string)\n'}
[0.529299] (yolov8_msgs) StderrLine: {'line': b'  File "/usr/lib/python3.10/xml/dom/expatbuilder.py", line 223, in parseString\n'}
[0.529394] (yolov8_msgs) StderrLine: {'line': b'    parser.Parse(string, True)\n'}
[0.529472] (yolov8_msgs) StderrLine: {'line': b'xml.parsers.expat.ExpatError: mismatched tag: line 26, column 2\n'}
[0.529585] (yolov8_msgs) StderrLine: {'line': b'\n'}
[0.529650] (yolov8_msgs) StderrLine: {'line': b'During handling of the above exception, another exception occurred:\n'}
[0.529707] (yolov8_msgs) StderrLine: {'line': b'\n'}
[0.529761] (yolov8_msgs) StderrLine: {'line': b'Traceback (most recent call last):\n'}
[0.529815] (yolov8_msgs) StderrLine: {'line': b'  File "/opt/ros/humble/share/ament_cmake_core/cmake/core/package_xml_2_cmake.py", line 150, in <module>\n'}
[0.529891] (yolov8_msgs) StderrLine: {'line': b'    main()\n'}
[0.529963] (yolov8_msgs) StderrLine: {'line': b'  File "/opt/ros/humble/share/ament_cmake_core/cmake/core/package_xml_2_cmake.py", line 53, in main\n'}
[0.530020] (yolov8_msgs) StderrLine: {'line': b'    raise e\n'}
[0.530074] (yolov8_msgs) StderrLine: {'line': b'  File "/opt/ros/humble/share/ament_cmake_core/cmake/core/package_xml_2_cmake.py", line 49, in main\n'}
[0.530127] (yolov8_msgs) StderrLine: {'line': b'    package = parse_package_string(\n'}
[0.530179] (yolov8_msgs) StderrLine: {'line': b'  File "/usr/lib/python3/dist-packages/catkin_pkg/package.py", line 612, in parse_package_string\n'}
[0.530233] (yolov8_msgs) StderrLine: {'line': b"    raise InvalidPackage('The manifest contains invalid XML:\\n%s' % ex, filename)\n"}
[0.530287] (yolov8_msgs) StderrLine: {'line': b"catkin_pkg.package.InvalidPackage: Error(s) in package '/home/carlosmello/ws/src/yolov8_ros/yolov8_msgs/package.xml':\n"}
[0.530358] (yolov8_msgs) StderrLine: {'line': b'The manifest contains invalid XML:\n'}
[0.530413] (yolov8_msgs) StderrLine: {'line': b'mismatched tag: line 26, column 2\n'}
[0.547432] (yolov8_msgs) StderrLine: {'line': b'\x1b[31mCMake Error at /opt/ros/humble/share/ament_cmake_core/cmake/core/ament_package_xml.cmake:95 (message):\n'}
[0.547626] (yolov8_msgs) StderrLine: {'line': b'  execute_process(/usr/bin/python3\n'}
[0.547697] (yolov8_msgs) StderrLine: {'line': b'  /opt/ros/humble/share/ament_cmake_core/cmake/core/package_xml_2_cmake.py\n'}
[0.547838] (yolov8_msgs) StderrLine: {'line': b'  /home/carlosmello/ws/src/yolov8_ros/yolov8_msgs/package.xml\n'}
[0.547922] (yolov8_msgs) StderrLine: {'line': b'  /home/carlosmello/ws/build/yolov8_msgs/ament_cmake_core/package.cmake)\n'}
[0.547983] (yolov8_msgs) StderrLine: {'line': b'  returned error code 1\n'}
[0.548039] (yolov8_msgs) StderrLine: {'line': b'Call Stack (most recent call first):\n'}
[0.548113] (yolov8_msgs) StderrLine: {'line': b'  /opt/ros/humble/share/ament_cmake_core/cmake/core/ament_package_xml.cmake:49 (_ament_package_xml)\n'}
[0.548172] (yolov8_msgs) StderrLine: {'line': b'  /opt/ros/humble/share/rosidl_cmake/cmake/rosidl_generate_interfaces.cmake:226 (ament_package_xml)\n'}
[0.548227] (yolov8_msgs) StderrLine: {'line': b'  CMakeLists.txt:10 (rosidl_generate_interfaces)\n'}
[0.548281] (yolov8_msgs) StderrLine: {'line': b'\n'}
[0.548354] (yolov8_msgs) StderrLine: {'line': b'\x1b[0m\n'}
[0.548412] (yolov8_msgs) StdoutLine: {'line': b'-- Configuring incomplete, errors occurred!\n'}
[0.548475] (yolov8_msgs) StdoutLine: {'line': b'See also "/home/carlosmello/ws/build/yolov8_msgs/CMakeFiles/CMakeOutput.log".\n'}
[0.553405] (yolov8_msgs) StderrLine: {'line': b'gmake: *** [Makefile:3123: cmake_check_build_system] Erro 1\n'}
[0.555562] (yolov8_msgs) CommandEnded: {'returncode': 2}
[0.556045] (yolov8_msgs) JobEnded: {'identifier': 'yolov8_msgs', 'rc': 2}
[0.566286] (yolov8_ros) JobSkipped: {'identifier': 'yolov8_ros'}
[0.566444] (yolov8_bringup) JobSkipped: {'identifier': 'yolov8_bringup'}
[0.566503] (-) EventReactorShutdown: {}
